// Jest Snapshot v1, https://goo.gl/fbAQLP

exports[`Storyshots Task Archived 1`] = ``;

exports[`Storyshots Task Default 1`] = ``;

exports[`Storyshots Task Pinned 1`] = ``;
